<?xml version="1.0" encoding="utf-8"?><testsuites><testsuite name="pytest" errors="0" failures="0" skipped="0" tests="7" time="0.026" timestamp="2024-11-10T23:55:27.592260-05:00" hostname="scabezas-Lenovo-IdeaPad-S340-15IWL"><testcase classname="test.test_gym_system.TestGymSystem" name="test_additional_features_selection" time="0.001" /><testcase classname="test.test_gym_system.TestGymSystem" name="test_cost_calculation" time="0.001" /><testcase classname="test.test_gym_system.TestGymSystem" name="test_discounts_for_group_memberships" time="0.000" /><testcase classname="test.test_gym_system.TestGymSystem" name="test_error_handling" time="0.000" /><testcase classname="test.test_gym_system.TestGymSystem" name="test_membership_plan_selection" time="0.000" /><testcase classname="test.test_gym_system.TestGymSystem" name="test_premium_membership_features" time="0.001" /><testcase classname="test.test_gym_system.TestGymSystem" name="test_special_offer_discounts" time="0.001" /></testsuite></testsuites>